// Jest Snapshot v1, https://goo.gl/fbAQLP

exports[`snapshot testing and Unit Testing renders with children 1`] = `
<div
  className="w-full"
>
  <header
    className="bg-blue-500 text-gray-600 body-font sticky"
  >
    <div
      className="container mx-auto flex flex-wrap p-5 flex-col md:flex-row items-center"
    >
      <nav
        className="flex md:w-2/5 flex-wrap items-center text-base md:ml-auto"
      >
        <NavLink
          className="mr-5 font-bold hover:text-gray-900"
          to="/"
        >
          Home
        </NavLink>
      </nav>
      <div
        className="md:w-3/5 inline-flex flex-col md:flex-row md:justify-start ml-5 md:ml-0"
      >
        <input
          className="inline-flex border-0 py-1 px-3 rounded text-base mt-4 md:mr-2 md:mt-0"
          onChange={[Function]}
          onKeyDown={[Function]}
          placeholder="type to search"
          type="text"
          value=""
        />
        <button
          className="flex justify-center bg-gray-100 border-0 py-1 px-3 focus:outline-none hover:bg-gray-200 rounded text-base mt-4 md:mt-0"
          onClick={[Function]}
        >
          Search
        </button>
      </div>
    </div>
  </header>
  <div
    className="w-full"
  >
    <p
      className="test"
    >
      Text
    </p>
  </div>
</div>
`;
